// Jest Snapshot v1, https://goo.gl/fbAQLP

exports[`Title should render correctly in "debug" mode 1`] = `
<section
  className="home-title"
>
  <img
    alt="Tic Tac Toe"
    src=""
  />
</section>
`;
